2026-02-10 10:44:52 === Pre-flight Checks ===
2026-02-10 10:44:52 [DEBUG] Running as root: OK
2026-02-10 10:44:52 [DEBUG] TUN module: OK
2026-02-10 10:45:12 === Pre-flight Checks ===
2026-02-10 10:45:12 [DEBUG] Running as root: OK
2026-02-10 10:45:12 [DEBUG] TUN module: OK
2026-02-10 10:45:12 [DEBUG] Detected OS: ubuntu 24.04
2026-02-10 10:45:12 [DEBUG] systemd: OK
2026-02-10 10:45:12 [OK] All pre-flight checks passed
2026-02-10 10:45:12 === OpenVPN Installation ===
2026-02-10 10:45:12 [INFO] This is a demonstration of the refactored architecture
2026-02-10 10:45:12 [INFO] The following shows how modular functions work together:
2026-02-10 10:45:12 [INFO] 
2026-02-10 10:45:12 [INFO] Example 1: Resolving public IP addresses
2026-02-10 10:45:12 [DEBUG] Resolving public IPv4 address
2026-02-10 10:45:12 [DEBUG] Trying https://api.ipify.org
2026-02-10 10:45:12 [DEBUG] Trying https://ifconfig.me/ip
2026-02-10 10:45:12 [DEBUG] Trying https://icanhazip.com
2026-02-10 10:45:12 [DEBUG] Falling back to dig for IPv4
2026-02-10 10:45:12 [WARN] Failed to resolve public IPv4 address
2026-02-10 10:45:12 [WARN] Could not resolve IPv4
2026-02-10 10:45:12 [DEBUG] Resolving public IPv6 address
2026-02-10 10:45:12 [DEBUG] Trying https://api6.ipify.org
2026-02-10 10:45:12 [DEBUG] Trying https://ifconfig.me/ip
2026-02-10 10:45:12 [DEBUG] Trying https://icanhazip.com
2026-02-10 10:45:12 [DEBUG] Falling back to dig for IPv6
2026-02-10 10:45:12 [WARN] Failed to resolve public IPv6 address
2026-02-10 10:45:12 [DEBUG] IPv6 not available (cannot resolve public IPv6)
2026-02-10 10:45:12 [INFO] IPv6 not available on this system
2026-02-10 10:45:12 [INFO] 
2026-02-10 10:45:12 [INFO] Example 2: Input validation
2026-02-10 10:45:12 [OK] Client name validation: 'test_client_123' is valid
2026-02-10 10:45:12 [OK] Port validation: 1194 is valid
2026-02-10 10:45:12 [OK] Protocol validation: udp is valid
2026-02-10 10:45:12 [OK] Cipher validation: AES-128-GCM is valid
2026-02-10 10:45:12 [INFO] 
2026-02-10 10:45:12 [INFO] Example 3: System information
2026-02-10 10:45:12 [OK] Detected package manager: apt-get
2026-02-10 10:45:12 [DEBUG] Default interface: eth0
2026-02-10 10:45:12 [OK] Default network interface: eth0
2026-02-10 10:45:12 [DEBUG] Default interface: eth0
2026-02-10 10:45:12 [OK] Local IPv4: 10.1.0.161
2026-02-10 10:45:12 [INFO] OpenVPN not yet installed
2026-02-10 10:45:12 [INFO] 
2026-02-10 10:45:12 === Architecture Benefits Demonstrated ===
